// Jest Snapshot v1, https://goo.gl/fbAQLP

exports[`InfiniteLoader should render 32 stories if scrolled twice 1`] = `
<DocumentFragment>
  <div
    class="infinite-scroll-component__outerdiv"
  >
    <div
      class="infinite-scroll-component "
      style="height: auto; overflow: auto;"
    >
      <a
        class="container"
        href="http://test.url"
        rel="noreferrer"
        target="_blank"
      >
        <div
          class="container"
        >
          <article>
            <h3>
              A story is here
            </h3>
            <p>
              1 votes | test
            </p>
          </article>
        </div>
      </a>
      <a
        class="container"
        href="http://test.url"
        rel="noreferrer"
        target="_blank"
      >
        <div
          class="container"
        >
          <article>
            <h3>
              A story is here
            </h3>
            <p>
              1 votes | test
            </p>
          </article>
        </div>
      </a>
      <a
        class="container"
        href="http://test.url"
        rel="noreferrer"
        target="_blank"
      >
        <div
          class="container"
        >
          <article>
            <h3>
              A story is here
            </h3>
            <p>
              1 votes | test
            </p>
          </article>
        </div>
      </a>
      <a
        class="container"
        href="http://test.url"
        rel="noreferrer"
        target="_blank"
      >
        <div
          class="container"
        >
          <article>
            <h3>
              A story is here
            </h3>
            <p>
              1 votes | test
            </p>
          </article>
        </div>
      </a>
      <a
        class="container"
        href="http://test.url"
        rel="noreferrer"
        target="_blank"
      >
        <div
          class="container"
        >
          <article>
            <h3>
              A story is here
            </h3>
            <p>
              1 votes | test
            </p>
          </article>
        </div>
      </a>
      <a
        class="container"
        href="http://test.url"
        rel="noreferrer"
        target="_blank"
      >
        <div
          class="container"
        >
          <article>
            <h3>
              A story is here
            </h3>
            <p>
              1 votes | test
            </p>
          </article>
        </div>
      </a>
      <a
        class="container"
        href="http://test.url"
        rel="noreferrer"
        target="_blank"
      >
        <div
          class="container"
        >
          <article>
            <h3>
              A story is here
            </h3>
            <p>
              1 votes | test
            </p>
          </article>
        </div>
      </a>
      <a
        class="container"
        href="http://test.url"
        rel="noreferrer"
        target="_blank"
      >
        <div
          class="container"
        >
          <article>
            <h3>
              A story is here
            </h3>
            <p>
              1 votes | test
            </p>
          </article>
        </div>
      </a>
      <a
        class="container"
        href="http://test.url"
        rel="noreferrer"
        target="_blank"
      >
        <div
          class="container"
        >
          <article>
            <h3>
              A story is here
            </h3>
            <p>
              1 votes | test
            </p>
          </article>
        </div>
      </a>
      <a
        class="container"
        href="http://test.url"
        rel="noreferrer"
        target="_blank"
      >
        <div
          class="container"
        >
          <article>
            <h3>
              A story is here
            </h3>
            <p>
              1 votes | test
            </p>
          </article>
        </div>
      </a>
      <a
        class="container"
        href="http://test.url"
        rel="noreferrer"
        target="_blank"
      >
        <div
          class="container"
        >
          <article>
            <h3>
              A story is here
            </h3>
            <p>
              1 votes | test
            </p>
          </article>
        </div>
      </a>
      <a
        class="container"
        href="http://test.url"
        rel="noreferrer"
        target="_blank"
      >
        <div
          class="container"
        >
          <article>
            <h3>
              A story is here
            </h3>
            <p>
              1 votes | test
            </p>
          </article>
        </div>
      </a>
      <a
        class="container"
        href="http://test.url"
        rel="noreferrer"
        target="_blank"
      >
        <div
          class="container"
        >
          <article>
            <h3>
              A story is here
            </h3>
            <p>
              1 votes | test
            </p>
          </article>
        </div>
      </a>
      <a
        class="container"
        href="http://test.url"
        rel="noreferrer"
        target="_blank"
      >
        <div
          class="container"
        >
          <article>
            <h3>
              A story is here
            </h3>
            <p>
              1 votes | test
            </p>
          </article>
        </div>
      </a>
      <a
        class="container"
        href="http://test.url"
        rel="noreferrer"
        target="_blank"
      >
        <div
          class="container"
        >
          <article>
            <h3>
              A story is here
            </h3>
            <p>
              1 votes | test
            </p>
          </article>
        </div>
      </a>
      <a
        class="container"
        href="http://test.url"
        rel="noreferrer"
        target="_blank"
      >
        <div
          class="container"
        >
          <article>
            <h3>
              A story is here
            </h3>
            <p>
              1 votes | test
            </p>
          </article>
        </div>
      </a>
      <a
        class="container"
        href="http://test.url"
        rel="noreferrer"
        target="_blank"
      >
        <div
          class="container"
        >
          <article>
            <h3>
              A story is here
            </h3>
            <p>
              1 votes | test
            </p>
          </article>
        </div>
      </a>
      <a
        class="container"
        href="http://test.url"
        rel="noreferrer"
        target="_blank"
      >
        <div
          class="container"
        >
          <article>
            <h3>
              A story is here
            </h3>
            <p>
              1 votes | test
            </p>
          </article>
        </div>
      </a>
      <a
        class="container"
        href="http://test.url"
        rel="noreferrer"
        target="_blank"
      >
        <div
          class="container"
        >
          <article>
            <h3>
              A story is here
            </h3>
            <p>
              1 votes | test
            </p>
          </article>
        </div>
      </a>
      <a
        class="container"
        href="http://test.url"
        rel="noreferrer"
        target="_blank"
      >
        <div
          class="container"
        >
          <article>
            <h3>
              A story is here
            </h3>
            <p>
              1 votes | test
            </p>
          </article>
        </div>
      </a>
      <a
        class="container"
        href="http://test.url"
        rel="noreferrer"
        target="_blank"
      >
        <div
          class="container"
        >
          <article>
            <h3>
              A story is here
            </h3>
            <p>
              1 votes | test
            </p>
          </article>
        </div>
      </a>
      <a
        class="container"
        href="http://test.url"
        rel="noreferrer"
        target="_blank"
      >
        <div
          class="container"
        >
          <article>
            <h3>
              A story is here
            </h3>
            <p>
              1 votes | test
            </p>
          </article>
        </div>
      </a>
      <a
        class="container"
        href="http://test.url"
        rel="noreferrer"
        target="_blank"
      >
        <div
          class="container"
        >
          <article>
            <h3>
              A story is here
            </h3>
            <p>
              1 votes | test
            </p>
          </article>
        </div>
      </a>
      <a
        class="container"
        href="http://test.url"
        rel="noreferrer"
        target="_blank"
      >
        <div
          class="container"
        >
          <article>
            <h3>
              A story is here
            </h3>
            <p>
              1 votes | test
            </p>
          </article>
        </div>
      </a>
      <a
        class="container"
        href="http://test.url"
        rel="noreferrer"
        target="_blank"
      >
        <div
          class="container"
        >
          <article>
            <h3>
              A story is here
            </h3>
            <p>
              1 votes | test
            </p>
          </article>
        </div>
      </a>
      <a
        class="container"
        href="http://test.url"
        rel="noreferrer"
        target="_blank"
      >
        <div
          class="container"
        >
          <article>
            <h3>
              A story is here
            </h3>
            <p>
              1 votes | test
            </p>
          </article>
        </div>
      </a>
      <a
        class="container"
        href="http://test.url"
        rel="noreferrer"
        target="_blank"
      >
        <div
          class="container"
        >
          <article>
            <h3>
              A story is here
            </h3>
            <p>
              1 votes | test
            </p>
          </article>
        </div>
      </a>
      <a
        class="container"
        href="http://test.url"
        rel="noreferrer"
        target="_blank"
      >
        <div
          class="container"
        >
          <article>
            <h3>
              A story is here
            </h3>
            <p>
              1 votes | test
            </p>
          </article>
        </div>
      </a>
      <a
        class="container"
        href="http://test.url"
        rel="noreferrer"
        target="_blank"
      >
        <div
          class="container"
        >
          <article>
            <h3>
              A story is here
            </h3>
            <p>
              1 votes | test
            </p>
          </article>
        </div>
      </a>
      <a
        class="container"
        href="http://test.url"
        rel="noreferrer"
        target="_blank"
      >
        <div
          class="container"
        >
          <article>
            <h3>
              A story is here
            </h3>
            <p>
              1 votes | test
            </p>
          </article>
        </div>
      </a>
      <a
        class="container"
        href="http://test.url"
        rel="noreferrer"
        target="_blank"
      >
        <div
          class="container"
        >
          <article>
            <h3>
              A story is here
            </h3>
            <p>
              1 votes | test
            </p>
          </article>
        </div>
      </a>
      <a
        class="container"
        href="http://test.url"
        rel="noreferrer"
        target="_blank"
      >
        <div
          class="container"
        >
          <article>
            <h3>
              A story is here
            </h3>
            <p>
              1 votes | test
            </p>
          </article>
        </div>
      </a>
    </div>
  </div>
</DocumentFragment>
`;

exports[`InfiniteLoader should render no stories 1`] = `
<DocumentFragment>
  <div
    class="infinite-scroll-component__outerdiv"
  >
    <div
      class="infinite-scroll-component "
      style="height: auto; overflow: auto;"
    >
      <h4>
        No more stories to load
      </h4>
    </div>
  </div>
</DocumentFragment>
`;

exports[`InfiniteLoader should render the first 16 stories after a scroll event occurs 1`] = `
<DocumentFragment>
  <div
    class="infinite-scroll-component__outerdiv"
  >
    <div
      class="infinite-scroll-component "
      style="height: auto; overflow: auto;"
    >
      <a
        class="container"
        href="http://test.url"
        rel="noreferrer"
        target="_blank"
      >
        <div
          class="container"
        >
          <article>
            <h3>
              A story is here
            </h3>
            <p>
              1 votes | test
            </p>
          </article>
        </div>
      </a>
      <a
        class="container"
        href="http://test.url"
        rel="noreferrer"
        target="_blank"
      >
        <div
          class="container"
        >
          <article>
            <h3>
              A story is here
            </h3>
            <p>
              1 votes | test
            </p>
          </article>
        </div>
      </a>
      <a
        class="container"
        href="http://test.url"
        rel="noreferrer"
        target="_blank"
      >
        <div
          class="container"
        >
          <article>
            <h3>
              A story is here
            </h3>
            <p>
              1 votes | test
            </p>
          </article>
        </div>
      </a>
      <a
        class="container"
        href="http://test.url"
        rel="noreferrer"
        target="_blank"
      >
        <div
          class="container"
        >
          <article>
            <h3>
              A story is here
            </h3>
            <p>
              1 votes | test
            </p>
          </article>
        </div>
      </a>
      <a
        class="container"
        href="http://test.url"
        rel="noreferrer"
        target="_blank"
      >
        <div
          class="container"
        >
          <article>
            <h3>
              A story is here
            </h3>
            <p>
              1 votes | test
            </p>
          </article>
        </div>
      </a>
      <a
        class="container"
        href="http://test.url"
        rel="noreferrer"
        target="_blank"
      >
        <div
          class="container"
        >
          <article>
            <h3>
              A story is here
            </h3>
            <p>
              1 votes | test
            </p>
          </article>
        </div>
      </a>
      <a
        class="container"
        href="http://test.url"
        rel="noreferrer"
        target="_blank"
      >
        <div
          class="container"
        >
          <article>
            <h3>
              A story is here
            </h3>
            <p>
              1 votes | test
            </p>
          </article>
        </div>
      </a>
      <a
        class="container"
        href="http://test.url"
        rel="noreferrer"
        target="_blank"
      >
        <div
          class="container"
        >
          <article>
            <h3>
              A story is here
            </h3>
            <p>
              1 votes | test
            </p>
          </article>
        </div>
      </a>
      <a
        class="container"
        href="http://test.url"
        rel="noreferrer"
        target="_blank"
      >
        <div
          class="container"
        >
          <article>
            <h3>
              A story is here
            </h3>
            <p>
              1 votes | test
            </p>
          </article>
        </div>
      </a>
      <a
        class="container"
        href="http://test.url"
        rel="noreferrer"
        target="_blank"
      >
        <div
          class="container"
        >
          <article>
            <h3>
              A story is here
            </h3>
            <p>
              1 votes | test
            </p>
          </article>
        </div>
      </a>
      <a
        class="container"
        href="http://test.url"
        rel="noreferrer"
        target="_blank"
      >
        <div
          class="container"
        >
          <article>
            <h3>
              A story is here
            </h3>
            <p>
              1 votes | test
            </p>
          </article>
        </div>
      </a>
      <a
        class="container"
        href="http://test.url"
        rel="noreferrer"
        target="_blank"
      >
        <div
          class="container"
        >
          <article>
            <h3>
              A story is here
            </h3>
            <p>
              1 votes | test
            </p>
          </article>
        </div>
      </a>
      <a
        class="container"
        href="http://test.url"
        rel="noreferrer"
        target="_blank"
      >
        <div
          class="container"
        >
          <article>
            <h3>
              A story is here
            </h3>
            <p>
              1 votes | test
            </p>
          </article>
        </div>
      </a>
      <a
        class="container"
        href="http://test.url"
        rel="noreferrer"
        target="_blank"
      >
        <div
          class="container"
        >
          <article>
            <h3>
              A story is here
            </h3>
            <p>
              1 votes | test
            </p>
          </article>
        </div>
      </a>
      <a
        class="container"
        href="http://test.url"
        rel="noreferrer"
        target="_blank"
      >
        <div
          class="container"
        >
          <article>
            <h3>
              A story is here
            </h3>
            <p>
              1 votes | test
            </p>
          </article>
        </div>
      </a>
      <a
        class="container"
        href="http://test.url"
        rel="noreferrer"
        target="_blank"
      >
        <div
          class="container"
        >
          <article>
            <h3>
              A story is here
            </h3>
            <p>
              1 votes | test
            </p>
          </article>
        </div>
      </a>
    </div>
  </div>
</DocumentFragment>
`;

exports[`InfiniteLoader should render the loading state 1`] = `
<DocumentFragment>
  <div
    class="infinite-scroll-component__outerdiv"
  >
    <div
      class="infinite-scroll-component "
      style="height: auto; overflow: auto;"
    >
      <div
        class="container"
      >
        <div
          class="spinner"
        />
      </div>
    </div>
  </div>
</DocumentFragment>
`;
