// Jest Snapshot v1, https://goo.gl/fbAQLP

exports[`Page renders the homepage 1`] = `
<DocumentFragment>
  <main
    class="main"
  >
    <div
      class="infinite-scroll-component__outerdiv"
    >
      <div
        class="infinite-scroll-component "
        style="height: auto; overflow: auto;"
      >
        <h4>
          No more stories to load
        </h4>
      </div>
    </div>
  </main>
</DocumentFragment>
`;
