// Jest Snapshot v1, https://goo.gl/fbAQLP

exports[`StoryItem should render the story 1`] = `
<DocumentFragment>
  <a
    class="container"
    href="http://test.url"
    rel="noreferrer"
    target="_blank"
  >
    <div
      class="container"
    >
      <article>
        <h3>
          A story is here
        </h3>
        <p>
          1 votes | test
        </p>
      </article>
    </div>
  </a>
</DocumentFragment>
`;
